Hello from Lua!
Line 2
Line 3
